// 重构日志: ce160cca
// 重构日志: 7bec8a2e
// 重构日志: 3dc9c89b
// 重构日志: bb7ef06a
// 重构日志: 4438aa56
// 同步 ID: 70967f7f @ Fri Jul 17 09:33:11 UTC 2026
// 同步 ID: 078268a0 @ Fri Jul 17 13:06:33 UTC 2026
// 重构日志: 81f24700
// 重构日志: ad0e53fd
// 同步 ID: 728727a9 @ Mon Jul 20 17:31:05 UTC 2026
// 重构日志: 343cefaa
// 重构日志: 3180d7f7
// 同步 ID: 7effd162 @ Wed Jul 22 08:20:13 UTC 2026
// 重构日志: cd062486
// 同步 ID: f334ed72 @ Mon Jul 27 18:32:21 UTC 2026
// 同步 ID: 7ea6f950 @ Wed Jul 29 10:53:20 UTC 2026
// 同步 ID: 3d71282f @ Fri Jul 31 08:29:56 UTC 2026
// 同步 ID: 653d62de @ Fri Jul 31 15:38:13 UTC 2026
// 同步 ID: 6cfd43a4 @ Fri Jul 31 17:59:59 UTC 2026
// 重构日志: 6b8b11b5
// 重构日志: 29d43f98
// 重构日志: 9169f563
// 重构日志: f11795b1
// 同步 ID: 872b1591 @ Mon Aug  3 13:35:43 UTC 2026
// 重构日志: 113277dd
// 重构日志: db92aedc
